[    0.000000] Linux version 4.15.0-210-generic (buildd@lcy02-amd64-056) (gcc version 7.5.0 (Ubuntu 7.5.0-3ubuntu1~18.04)) #221-Ubuntu SMP Tue Apr 18 08:32:52 UTC 2023 (Ubuntu 4.15.0-210.221-generic 4.15.18)
[    0.000000] Command line: BOOT_IMAGE=/boot/vmlinuz-4.15.0-210-generic root=LABEL=cloudimg-rootfs ro console=tty1 console=ttyS0
[    0.000000] KERNEL supported cpus:
[    0.000000]   Intel GenuineIntel
[    0.000000]   AMD AuthenticAMD
[    0.000000]   Centaur CentaurHauls
[    0.000000] x86/fpu: Supporting XSAVE feature 0x001: 'x87 floating point registers'
[    0.000000] x86/fpu: Supporting XSAVE feature 0x002: 'SSE registers'
[    0.000000] x86/fpu: Supporting XSAVE feature 0x004: 'AVX registers'
[    0.000000] x86/fpu: xstate_offset[2]:  576, xstate_sizes[2]:  256
[    0.000000] x86/fpu: Enabled xstate features 0x7, context size is 832 bytes, using 'standard' format.
[    0.000000] e820: BIOS-provided physical RAM map:
[    0.000000] BIOS-e820: [mem 0x0000000000000000-0x000000000009fbff] usable
[    0.000000] BIOS-e820: [mem 0x000000000009fc00-0x000000000009ffff] reserved
[    0.000000] BIOS-e820: [mem 0x00000000000f0000-0x00000000000fffff] reserved
[    0.000000] BIOS-e820: [mem 0x0000000000100000-0x000000003ffeffff] usable
[    0.000000] BIOS-e820: [mem 0x000000003fff0000-0x000000003fffffff] ACPI data
[    0.000000] BIOS-e820: [mem 0x00000000fec00000-0x00000000fec00fff] reserved
[    0.000000] BIOS-e820: [mem 0x00000000fee00000-0x00000000fee00fff] reserved
[    0.000000] BIOS-e820: [mem 0x00000000fffc0000-0x00000000ffffffff] reserved
[    0.000000] NX (Execute Disable) protection: active
[    0.000000] SMBIOS 2.5 present.
[    0.000000] DMI: innotek GmbH VirtualBox/VirtualBox, BIOS VirtualBox 12/01/2006
[    0.000000] Hypervisor detected: KVM
[    0.000000] e820: last_pfn = 0x3fff0 max_arch_pfn = 0x400000000
[    0.000000] MTRR: Disabled
[    0.000000] x86/PAT: MTRRs disabled, skipping PAT initialization too.
[    0.000000] CPU MTRRs all blank - virtualized system.
[    0.000000] x86/PAT: Configuration [0-7]: WB  WT  UC- UC  WB  WT  UC- UC  
[    0.000000] found SMP MP-table at [mem 0x0009fff0-0x0009ffff]
[    0.000000] Scanning 1 areas for low memory corruption
[    0.000000] RAMDISK: [mem 0x359c9000-0x36cdbfff]
[    0.000000] ACPI: Early table checksum verification disabled
[    0.000000] ACPI: RSDP 0x00000000000E0000 000024 (v02 VBOX  )
[    0.000000] ACPI: XSDT 0x000000003FFF0030 00003C (v01 VBOX   VBOXXSDT 00000001 ASL  00000061)
[    0.000000] ACPI: FACP 0x000000003FFF00F0 0000F4 (v04 VBOX   VBOXFACP 00000001 ASL  00000061)
[    0.000000] ACPI: DSDT 0x000000003FFF0470 002325 (v02 VBOX   VBOXBIOS 00000002 INTL 20200925)
[    0.000000] ACPI: FACS 0x000000003FFF0200 000040
[    0.000000] ACPI: FACS 0x000000003FFF0200 000040
[    0.000000] ACPI: APIC 0x000000003FFF0240 00005C (v02 VBOX   VBOXAPIC 00000001 ASL  00000061)
[    0.000000] ACPI: SSDT 0x000000003FFF02A0 0001CC (v01 VBOX   VBOXCPUT 00000002 INTL 20200925)
[    0.000000] ACPI: Reserving FACP table memory at [mem 0x3fff00f0-0x3fff01e3]
[    0.000000] ACPI: Reserving DSDT table memory at [mem 0x3fff0470-0x3fff2794]
[    0.000000] ACPI: Reserving FACS table memory at [mem 0x3fff0200-0x3fff023f]
[    0.000000] ACPI: Reserving FACS table memory at [mem 0x3fff0200-0x3fff023f]
[    0.000000] ACPI: Reserving APIC table memory at [mem 0x3fff0240-0x3fff029b]
[    0.000000] ACPI: Reserving SSDT table memory at [mem 0x3fff02a0-0x3fff046b]
[    0.000000] No NUMA configuration found
[    0.000000] Faking a node at [mem 0x0000000000000000-0x000000003ffeffff]
[    0.000000] NODE_DATA(0) allocated [mem 0x3ffc5000-0x3ffeffff]
[    0.000000] kvm-clock: cpu 0, msr 0:3ff44001, primary cpu clock
[    0.000000] kvm-clock: Using msrs 4b564d01 and 4b564d00
[    0.000000] kvm-clock: using sched offset of 3260263356 cycles
[    0.000000] clocksource: kvm-clock: mask: 0xffffffffffffffff max_cycles: 0x1cd42e4dffb, max_idle_ns: 881590591483 ns
[    0.000000] Zone ranges:
[    0.000000]   DMA      [mem 0x0000000000001000-0x0000000000ffffff]
[    0.000000]   DMA32    [mem 0x0000000001000000-0x000000003ffeffff]
[    0.000000]   Normal   empty
[    0.000000]   Device   empty
[    0.000000] Movable zone start for each node
[    0.000000] Early memory node ranges
[    0.000000]   node   0: [mem 0x0000000000001000-0x000000000009efff]
[    0.000000]   node   0: [mem 0x0000000000100000-0x000000003ffeffff]
[    0.000000] Reserved but unavailable: 104 pages
[    0.000000] Initmem setup node 0 [mem 0x0000000000001000-0x000000003ffeffff]
[    0.000000] ACPI: PM-Timer IO Port: 0x4008
[    0.000000] IOAPIC[0]: apic_id 2, version 32, address 0xfec00000, GSI 0-23
[    0.000000] ACPI: INT_SRC_OVR (bus 0 bus_irq 0 global_irq 2 dfl dfl)
[    0.000000] ACPI: INT_SRC_OVR (bus 0 bus_irq 9 global_irq 9 low level)
[    0.000000] Using ACPI (MADT) for SMP configuration information
[    0.000000] smpboot: Allowing 2 CPUs, 0 hotplug CPUs
[    0.000000] PM: Registered nosave memory: [mem 0x00000000-0x00000fff]
[    0.000000] PM: Registered nosave memory: [mem 0x0009f000-0x0009ffff]
[    0.000000] PM: Registered nosave memory: [mem 0x000a0000-0x000effff]
[    0.000000] PM: Registered nosave memory: [mem 0x000f0000-0x000fffff]
[    0.000000] e820: [mem 0x40000000-0xfebfffff] available for PCI devices
[    0.000000] Booting paravirtualized kernel on KVM
[    0.000000] clocksource: refined-jiffies: mask: 0xffffffff max_cycles: 0xffffffff, max_idle_ns: 7645519600211568 ns
[    0.000000] setup_percpu: NR_CPUS:8192 nr_cpumask_bits:2 nr_cpu_ids:2 nr_node_ids:1
[    0.000000] percpu: Embedded 50 pages/cpu s167936 r8192 d28672 u1048576
[    0.000000] PV qspinlock hash table entries: 256 (order: 0, 4096 bytes)
[    0.000000] Built 1 zonelists, mobility grouping on.  Total pages: 257913
[    0.000000] Policy zone: DMA32
[    0.000000] Kernel command line: BOOT_IMAGE=/boot/vmlinuz-4.15.0-210-generic root=LABEL=cloudimg-rootfs ro console=tty1 console=ttyS0
[    0.000000] Memory: 982640K/1048120K available (12300K kernel code, 2477K rwdata, 4324K rodata, 2480K init, 2720K bss, 65480K reserved, 0K cma-reserved)
[    0.000000] SLUB: HWalign=64, Order=0-3, MinObjects=0, CPUs=2, Nodes=1
[    0.000000] Kernel/User page tables isolation: enabled
[    0.000000] ftrace: allocating 39506 entries in 155 pages
[    0.004000] Hierarchical RCU implementation.
[    0.004000] 	RCU restricting CPUs from NR_CPUS=8192 to nr_cpu_ids=2.
[    0.004000] 	Tasks RCU enabled.
[    0.004000] RCU: Adjusting geometry for rcu_fanout_leaf=16, nr_cpu_ids=2
[    0.004000] NR_IRQS: 524544, nr_irqs: 440, preallocated irqs: 16
[    0.004000] random: crng init done
[    0.004000] Console: colour VGA+ 80x25
[    0.004000] console [tty1] enabled
[    0.004000] console [ttyS0] enabled
[    0.004000] ACPI: Core revision 20170831
[    0.004000] ACPI: 2 ACPI AML tables successfully acquired and loaded
[    0.004000] APIC: Switch to symmetric I/O mode setup
[    0.004000] x2apic enabled
[    0.004000] Switched APIC routing to physical x2apic.
[    0.004000] ..TIMER: vector=0x30 apic1=0 pin1=2 apic2=-1 pin2=-1
[    0.004004] tsc: Detected 2111.998 MHz processor
[    0.004678] Calibrating delay loop (skipped) preset value.. 4223.99 BogoMIPS (lpj=8447992)
[    0.005201] pid_max: default: 32768 minimum: 301
[    0.005925] Security Framework initialized
[    0.006616] Yama: becoming mindful.
[    0.008042] AppArmor: AppArmor initialized
[    0.008833] Dentry cache hash table entries: 131072 (order: 8, 1048576 bytes)
[    0.009960] Inode-cache hash table entries: 65536 (order: 7, 524288 bytes)
[    0.010902] Mount-cache hash table entries: 2048 (order: 2, 16384 bytes)
[    0.011914] Mountpoint-cache hash table entries: 2048 (order: 2, 16384 bytes)
[    0.012267] Last level iTLB entries: 4KB 64, 2MB 8, 4MB 8
[    0.013031] Last level dTLB entries: 4KB 64, 2MB 0, 4MB 0, 1GB 4
[    0.013954] Spectre V1 : Mitigation: usercopy/swapgs barriers and __user pointer sanitization
[    0.016005] Spectre V2 : Mitigation: Retpolines
[    0.016695] Spectre V2 : Spectre v2 / SpectreRSB mitigation: Filling RSB on context switch
[    0.018229] Spectre V2 : Spectre v2 / SpectreRSB : Filling RSB on VMEXIT
[    0.019316] RETBleed: WARNING: Spectre v2 mitigation leaves CPU vulnerable to RETBleed attacks, data leaks possible!
[    0.020005] RETBleed: Vulnerable
[    0.020495] Speculative Store Bypass: Vulnerable
[    0.021298] MDS: Mitigation: Clear CPU buffers
[    0.022147] MMIO Stale Data: Mitigation: Clear CPU buffers
[    0.024007] SRBDS: Unknown: Dependent on hypervisor status
[    0.025119] Freeing SMP alternatives memory: 36K
[    0.136255] smpboot: CPU0: Intel(R) Core(TM) i5-10210U CPU @ 1.60GHz (family: 0x6, model: 0x8e, stepping: 0xc)
[    0.137665] Performance Events: unsupported p6 CPU model 142 no PMU driver, software events only.
[    0.138909] Hierarchical SRCU implementation.
[    0.139964] NMI watchdog: Perf event create on CPU 0 failed with -2
[    0.140005] NMI watchdog: Perf NMI watchdog permanently disabled
[    0.140829] smp: Bringing up secondary CPUs ...
[    0.141508] x86: Booting SMP configuration:
[    0.142061] .... node  #0, CPUs:      #1
[    0.004000] kvm-clock: cpu 1, msr 0:3ff44041, secondary cpu clock
[    0.144017] smp: Brought up 1 node, 2 CPUs
[    0.144538] smpboot: Max logical packages: 1
[    0.145113] smpboot: Total of 2 processors activated (8447.99 BogoMIPS)
[    0.148047] devtmpfs: initialized
[    0.148489] x86/mm: Memory block size: 128MB
[    0.149141] evm: security.selinux
[    0.149588] evm: security.SMACK64
[    0.150033] evm: security.SMACK64EXEC
[    0.150513] evm: security.SMACK64TRANSMUTE
[    0.151046] evm: security.SMACK64MMAP
[    0.151578] evm: security.apparmor
[    0.152005] evm: security.ima
[    0.152424] evm: security.capability
[    0.152955] clocksource: jiffies: mask: 0xffffffff max_cycles: 0xffffffff, max_idle_ns: 7645041785100000 ns
[    0.153215] futex hash table entries: 512 (order: 3, 32768 bytes)
[    0.154043] pinctrl core: initialized pinctrl subsystem
[    0.156135] RTC time: 11:31:10, date: 05/03/23
[    0.156966] NET: Registered protocol family 16
[    0.157652] audit: initializing netlink subsys (disabled)
[    0.158376] audit: type=2000 audit(1683113475.375:1): state=initialized audit_enabled=0 res=1
[    0.160014] cpuidle: using governor ladder
[    0.160576] cpuidle: using governor menu
[    0.161119] ACPI: bus type PCI registered
[    0.161636] acpiphp: ACPI Hot Plug PCI Controller Driver version: 0.5
[    0.162502] PCI: Using configuration type 1 for base access
[    0.164772] HugeTLB registered 2.00 MiB page size, pre-allocated 0 pages
[    0.164863] ACPI: Added _OSI(Module Device)
[    0.164863] ACPI: Added _OSI(Processor Device)
[    0.165196] ACPI: Added _OSI(3.0 _SCP Extensions)
[    0.165802] ACPI: Added _OSI(Processor Aggregator Device)
[    0.168008] ACPI: Added _OSI(Linux-Dell-Video)
[    0.168582] ACPI: Added _OSI(Linux-Lenovo-NV-HDMI-Audio)
[    0.169305] ACPI: Added _OSI(Linux-HPI-Hybrid-Graphics)
[    0.170270] ACPI: Executed 1 blocks of module-level executable AML code
[    0.174508] ACPI: Interpreter enabled
[    0.175089] ACPI: (supports S0 S5)
[    0.175567] ACPI: Using IOAPIC for interrupt routing
[    0.176204] PCI: Using host bridge windows from ACPI; if necessary, use "pci=nocrs" and report a bug
[    0.177509] ACPI: Enabled 2 GPEs in block 00 to 07
[    0.183036] ACPI: PCI Root Bridge [PCI0] (domain 0000 [bus 00-ff])
[    0.183846] acpi PNP0A03:00: _OSC: OS supports [ASPM ClockPM Segments MSI]
[    0.184410] acpi PNP0A03:00: _OSC: not requesting OS control; OS requires [ExtendedConfig ASPM ClockPM MSI]
[    0.185673] acpi PNP0A03:00: fail to add MMCONFIG information, can't access extended PCI configuration space under this bridge.
[    0.188112] PCI host bridge to bus 0000:00
[    0.189145] pci_bus 0000:00: root bus resource [io  0x0000-0x0cf7 window]
[    0.190024] pci_bus 0000:00: root bus resource [io  0x0d00-0xffff window]
[    0.190901] pci_bus 0000:00: root bus resource [mem 0x000a0000-0x000bffff window]
[    0.191977] pci_bus 0000:00: root bus resource [mem 0x40000000-0xfdffffff window]
[    0.192005] pci_bus 0000:00: root bus resource [bus 00-ff]
[    0.194155] pci 0000:00:01.1: legacy IDE quirk: reg 0x10: [io  0x01f0-0x01f7]
[    0.196003] pci 0000:00:01.1: legacy IDE quirk: reg 0x14: [io  0x03f6]
[    0.196836] pci 0000:00:01.1: legacy IDE quirk: reg 0x18: [io  0x0170-0x0177]
[    0.197735] pci 0000:00:01.1: legacy IDE quirk: reg 0x1c: [io  0x0376]
[    0.210592] pci 0000:00:07.0: quirk: [io  0x4000-0x403f] claimed by PIIX4 ACPI
[    0.211579] pci 0000:00:07.0: quirk: [io  0x4100-0x410f] claimed by PIIX4 SMB
[    0.220092] ACPI: PCI Interrupt Link [LNKA] (IRQs 5 9 10 *11)
[    0.221079] ACPI: PCI Interrupt Link [LNKB] (IRQs 5 9 *10 11)
[    0.221869] ACPI: PCI Interrupt Link [LNKC] (IRQs 5 *9 10 11)
[    0.222681] ACPI: PCI Interrupt Link [LNKD] (IRQs 5 9 10 *11)
[    0.223736] SCSI subsystem initialized
[    0.224047] pci 0000:00:02.0: vgaarb: setting as boot VGA device
[    0.224859] pci 0000:00:02.0: vgaarb: VGA device added: decodes=io+mem,owns=io+mem,locks=none
[    0.225915] pci 0000:00:02.0: vgaarb: bridge control possible
[    0.226624] vgaarb: loaded
[    0.227041] ACPI: bus type USB registered
[    0.228030] usbcore: registered new interface driver usbfs
[    0.228710] usbcore: registered new interface driver hub
[    0.229370] usbcore: registered new device driver usb
[    0.230048] EDAC MC: Ver: 3.0.0
[    0.230048] PCI: Using ACPI for IRQ routing
[    0.230048] NetLabel: Initializing
[    0.232006] NetLabel:  domain hash size = 128
[    0.232561] NetLabel:  protocols = UNLABELED CIPSOv4 CALIPSO
[    0.233266] NetLabel:  unlabeled traffic allowed by default
[    0.233964] clocksource: Switched to clocksource kvm-clock
[    0.242604] VFS: Disk quotas dquot_6.6.0
[    0.243182] VFS: Dquot-cache hash table entries: 512 (order 0, 4096 bytes)
[    0.244111] AppArmor: AppArmor Filesystem Enabled
[    0.244817] pnp: PnP ACPI init
[    0.246032] pnp: PnP ACPI: found 3 devices
[    0.253741] clocksource: acpi_pm: mask: 0xffffff max_cycles: 0xffffff, max_idle_ns: 2085701024 ns
[    0.254999] NET: Registered protocol family 2
[    0.255646] IP idents hash table entries: 16384 (order: 5, 131072 bytes)
[    0.257276] TCP established hash table entries: 8192 (order: 4, 65536 bytes)
[    0.259436] TCP bind hash table entries: 8192 (order: 5, 131072 bytes)
[    0.261394] TCP: Hash tables configured (established 8192 bind 8192)
[    0.262251] UDP hash table entries: 512 (order: 2, 16384 bytes)
[    0.263027] UDP-Lite hash table entries: 512 (order: 2, 16384 bytes)
[    0.263902] NET: Registered protocol family 1
[    0.264487] pci 0000:00:00.0: Limiting direct PCI/PCI transfers
[    0.265228] pci 0000:00:01.0: Activating ISA DMA hang workarounds
[    0.266020] pci 0000:00:02.0: Video device with shadowed ROM at [mem 0x000c0000-0x000dffff]
[    0.267117] Unpacking initramfs...
[    0.547368] Freeing initrd memory: 19532K
[    0.548154] clocksource: tsc: mask: 0xffffffffffffffff max_cycles: 0x1e71768ef8b, max_idle_ns: 440795218977 ns
[    0.549488] platform rtc_cmos: registered platform RTC device (no PNP device found)
[    0.550639] Scanning for low memory corruption every 60 seconds
[    0.552093] Initialise system trusted keyrings
[    0.552682] Key type blacklist registered
[    0.553278] workingset: timestamp_bits=36 max_order=18 bucket_order=0
[    0.554833] zbud: loaded
[    0.555641] squashfs: version 4.0 (2009/01/31) Phillip Lougher
[    0.556586] fuse init (API version 7.26)
[    0.558490] Key type asymmetric registered
[    0.559038] Asymmetric key parser 'x509' registered
[    0.559705] Block layer SCSI generic (bsg) driver version 0.4 loaded (major 246)
[    0.560719] io scheduler noop registered
[    0.561251] io scheduler deadline registered
[    0.561848] io scheduler cfq registered (default)
[    0.562728] ACPI: AC Adapter [AC] (off-line)
[    0.563316] input: Power Button as /devices/LNXSYSTM:00/LNXPWRBN:00/input/input0
[    0.564353] ACPI: Power Button [PWRF]
[    0.564907] input: Sleep Button as /devices/LNXSYSTM:00/LNXSLPBN:00/input/input1
[    0.565851] ACPI: Sleep Button [SLPF]
[    0.567068] ACPI: Battery Slot [BAT0] (battery present)
[    0.567871] Serial: 8250/16550 driver, 32 ports, IRQ sharing enabled
[    0.589341] 00:02: ttyS0 at I/O 0x3f8 (irq = 4, base_baud = 115200) is a 16550A
[    0.591977] Linux agpgart interface v0.103
[    0.593987] loop: module loaded
[    0.595801] scsi host0: ata_piix
[    0.597178] scsi host1: ata_piix
[    0.597988] ata1: PATA max UDMA/33 cmd 0x1f0 ctl 0x3f6 bmdma 0xd000 irq 14
[    0.598823] ata2: PATA max UDMA/33 cmd 0x170 ctl 0x376 bmdma 0xd008 irq 15
[    0.599741] tun: Universal TUN/TAP device driver, 1.6
[    0.600471] PPP generic driver version 2.4.2
[    0.601079] ehci_hcd: USB 2.0 'Enhanced' Host Controller (EHCI) Driver
[    0.601899] ehci-pci: EHCI PCI platform driver
[    0.602479] ehci-platform: EHCI generic platform driver
[    0.603141] ohci_hcd: USB 1.1 'Open' Host Controller (OHCI) Driver
[    0.603906] ohci-pci: OHCI PCI platform driver
[    0.604485] ohci-platform: OHCI generic platform driver
[    0.605129] uhci_hcd: USB Universal Host Controller Interface driver
[    0.605935] i8042: PNP: PS/2 Controller [PNP0303:PS2K,PNP0f03:PS2M] at 0x60,0x64 irq 1,12
[    0.607310] serio: i8042 KBD port at 0x60,0x64 irq 1
[    0.607968] serio: i8042 AUX port at 0x60,0x64 irq 12
[    0.608710] mousedev: PS/2 mouse device common for all mice
[    0.609785] input: AT Translated Set 2 keyboard as /devices/platform/i8042/serio0/input/input2
[    0.610860] rtc_cmos rtc_cmos: rtc core: registered rtc_cmos as rtc0
[    0.611773] rtc_cmos rtc_cmos: alarms up to one day, 114 bytes nvram
[    0.612575] i2c /dev entries driver
[    0.613070] device-mapper: uevent: version 1.0.3
[    0.613713] device-mapper: ioctl: 4.37.0-ioctl (2017-09-20) initialised: dm-devel@redhat.com
[    0.614764] ledtrig-cpu: registered to indicate activity on CPUs
[    0.615704] NET: Registered protocol family 10
[    0.618845] Segment Routing with IPv6
[    0.619332] NET: Registered protocol family 17
[    0.619918] Key type dns_resolver registered
[    0.620640] mce: Using 0 MCE banks
[    0.621090] RAS: Correctable Errors collector initialized.
[    0.621769] sched_clock: Marking stable (620620445, 0)->(762487403, -141866958)
[    0.622972] registered taskstats version 1
[    0.623489] Loading compiled-in X.509 certificates
[    0.625940] Loaded X.509 cert 'Build time autogenerated kernel key: 53bf99db7da04c05fe17f7beec9ce15c83db2223'
[    0.627606] Loaded X.509 cert 'Canonical Ltd. Live Patch Signing: 14df34d1a87cf37625abec039ef2bf521249b969'
[    0.629246] Loaded X.509 cert 'Canonical Ltd. Kernel Module Signing: 88f752e560a1e0737e31163a466ad7b70a850c19'
[    0.631169] blacklist: Loading compiled-in revocation X.509 certificates
[    0.632148] Loaded X.509 cert 'Canonical Ltd. Secure Boot Signing: 61482aa2830d0ab2ad5af10b7250da9033ddcef0'
[    0.633515] Loaded X.509 cert 'Canonical Ltd. Secure Boot Signing (2017): 242ade75ac4a15e50d50c84b0d45ff3eae707a03'
[    0.634891] Loaded X.509 cert 'Canonical Ltd. Secure Boot Signing (ESM 2018): 365188c1d374d6b07c3c8f240f8ef722433d6a8b'
[    0.636278] Loaded X.509 cert 'Canonical Ltd. Secure Boot Signing (2019): c0746fd6c5da3ae827864651ad66ae47fe24b3e8'
[    0.637603] Loaded X.509 cert 'Canonical Ltd. Secure Boot Signing (2021 v1): a8d54bbb3825cfb94fa13c9f8a594a195c107b8d'
[    0.638945] Loaded X.509 cert 'Canonical Ltd. Secure Boot Signing (2021 v2): 4cf046892d6fd3c9a5b03f98d845f90851dc6a8c'
[    0.640307] Loaded X.509 cert 'Canonical Ltd. Secure Boot Signing (2021 v3): 100437bb6de6e469b581e61cd66bce3ef4ed53af'
[    0.641657] Loaded X.509 cert 'Canonical Ltd. Secure Boot Signing (Ubuntu Core 2019): c1d57b8f6b743f23ee41f4f7ee292f06eecadfb9'
[    0.643096] zswap: loaded using pool lzo/zbud
[    0.647006] Key type big_key registered
[    0.647527] Key type trusted registered
[    0.649379] Key type encrypted registered
[    0.649923] AppArmor: AppArmor sha1 policy hashing enabled
[    0.650640] ima: No TPM chip found, activating TPM-bypass! (rc=-19)
[    0.651423] ima: Allocated hash algorithm: sha1
[    0.652052] evm: HMAC attrs: 0x1
[    0.652736]   Magic number: 7:860:528
[    0.653357] rtc_cmos rtc_cmos: setting system clock to 2023-05-03 11:31:11 UTC (1683113471)
[    0.654660] BIOS EDD facility v0.16 2004-Jun-25, 0 devices found
[    0.655431] EDD information not available.
[    0.800154] Freeing unused kernel image memory: 2480K
[    1.522343] Write protecting the kernel read-only data: 20480k
[    1.527939] Freeing unused kernel image memory: 2008K
[    1.529047] Freeing unused kernel image memory: 1820K
[    1.537599] x86/mm: Checked W+X mappings: passed, no W+X pages found.
[    1.538551] x86/mm: Checking user space page tables
[    1.546851] x86/mm: Checked W+X mappings: passed, no W+X pages found.
Loading, please wait...
starting version 237
[    1.602896] Fusion MPT base driver 3.04.20
[    1.603674] Copyright (c) 1999-2008 LSI Corporation
[    1.607418] e1000: Intel(R) PRO/1000 Network Driver - version 7.3.21-k8-NAPI
[    1.608626] e1000: Copyright (c) 1999-2006 Intel Corporation.
[    1.613678] Fusion MPT SPI Host driver 3.04.20
[    1.632247] AVX2 version of gcm_enc/dec engaged.
[    1.633078] AES CTR mode by8 optimization enabled
[    1.821148] input: ImExPS/2 Generic Explorer Mouse as /devices/platform/i8042/serio1/input/input4
[    1.976229] e1000 0000:00:03.0 eth0: (PCI:33MHz:32-bit) 02:3e:6f:b6:28:d7
[    1.977302] e1000 0000:00:03.0 eth0: Intel(R) PRO/1000 Network Connection
[    1.979230] mptbase: ioc0: Initiating bringup
[    2.072284] ioc0: LSI53C1030 A0: Capabilities={Initiator}
[    2.320765] scsi host2: ioc0: LSI53C1030 A0, FwRev=00000000h, Ports=1, MaxQ=256, IRQ=20
[    2.494425] scsi 2:0:0:0: Direct-Access     VBOX     HARDDISK         1.0  PQ: 0 ANSI: 5
[    2.644129] scsi target2:0:0: Beginning Domain Validation
[    2.645923] scsi target2:0:0: Domain Validation skipping write tests
[    2.647974] scsi target2:0:0: Ending Domain Validation
[    2.649229] scsi target2:0:0: asynchronous
[    2.650132] scsi 2:0:1:0: Direct-Access     VBOX     HARDDISK         1.0  PQ: 0 ANSI: 5
[    2.864653] scsi target2:0:1: Beginning Domain Validation
[    2.870845] scsi target2:0:1: Domain Validation skipping write tests
[    2.872151] scsi target2:0:1: Ending Domain Validation
[    2.873229] scsi target2:0:1: asynchronous
[    2.876531] sd 2:0:0:0: Attached scsi generic sg0 type 0
[    2.877662] sd 2:0:1:0: Attached scsi generic sg1 type 0
[    2.878601] sd 2:0:1:0: [sdb] 20480 512-byte logical blocks: (10.5 MB/10.0 MiB)
[    2.879585] e1000 0000:00:08.0 eth1: (PCI:33MHz:32-bit) 08:00:27:6e:e5:fb
[    2.879783] sd 2:0:1:0: [sdb] Write Protect is off
[    2.880605] e1000 0000:00:08.0 eth1: Intel(R) PRO/1000 Network Connection
[    2.882310] sd 2:0:0:0: [sda] 83886080 512-byte logical blocks: (42.9 GB/40.0 GiB)
[    2.882589] sd 2:0:1:0: [sdb] Incomplete mode parameter data
[    2.884180] sd 2:0:1:0: [sdb] Assuming drive cache: write through
[    2.885107] sd 2:0:0:0: [sda] Write Protect is off
[    2.886035] sd 2:0:0:0: [sda] Incomplete mode parameter data
[    2.886812] sd 2:0:0:0: [sda] Assuming drive cache: write through
[    2.895022]  sda: sda1
[    2.895887] sd 2:0:1:0: [sdb] Attached SCSI disk
[    2.896839] sd 2:0:0:0: [sda] Attached SCSI disk
[    2.898319] e1000 0000:00:03.0 enp0s3: renamed from eth0
[    2.920622] e1000 0000:00:08.0 enp0s8: renamed from eth1
Begin: Loading essential drivers ... [    4.360051] raid6: sse2x1   gen() 13717 MB/s
[    4.408055] raid6: sse2x1   xor()  7910 MB/s
[    4.456049] raid6: sse2x2   gen() 17055 MB/s
[    4.504049] raid6: sse2x2   xor() 10628 MB/s
[    4.552021] raid6: sse2x4   gen() 17728 MB/s
[    4.600021] raid6: sse2x4   xor() 10001 MB/s
[    4.648058] raid6: avx2x1   gen() 26358 MB/s
[    4.696083] raid6: avx2x1   xor() 15362 MB/s
[    4.744046] raid6: avx2x2   gen() 30757 MB/s
[    4.792026] raid6: avx2x2   xor() 20061 MB/s
[    4.840050] raid6: avx2x4   gen() 34295 MB/s
[    4.888058] raid6: avx2x4   xor() 19840 MB/s
[    4.888683] raid6: using algorithm avx2x4 gen() 34295 MB/s
[    4.889363] raid6: .... xor() 19840 MB/s, rmw enabled
[    4.890071] raid6: using avx2x2 recovery algorithm
[    4.891492] xor: automatically using best checksumming function   avx       
[    4.893176] async_tx: api initialized (async)
done.
Begin: Running /scripts/init-premount ... done.
Begin: Mounting root file system ... Begin: Running /scripts/local-top ... done.
Begin: Running /scripts/local-premount ... [    4.933205] Btrfs loaded, crc32c=crc32c-intel
Scanning for Btrfs filesystems
done.
Warning: fsck not present, so skipping root file system
[    4.965052] EXT4-fs (sda1): mounted filesystem with ordered data mode. Opts: (null)
done.
Begin: Running /scripts/local-bottom ... done.
Begin: Running /scripts/init-bottom ... done.
[    5.096622] ip_tables: (C) 2000-2006 Netfilter Core Team
[    5.102834] systemd[1]: systemd 237 running in system mode. (+PAM +AUDIT +SELINUX +IMA +APPARMOR +SMACK +SYSVINIT +UTMP +LIBCRYPTSETUP +GCRYPT +GNUTLS +ACL +XZ +LZ4 +SECCOMP +BLKID +ELFUTILS +KMOD -IDN2 +IDN -PCRE2 default-hierarchy=hybrid)
[    5.106644] systemd[1]: Detected virtualization oracle.
[    5.107543] systemd[1]: Detected architecture x86-64.

Welcome to [1mUbuntu 18.04.6 LTS[0m!

[    5.112620] systemd[1]: Set hostname to <ubuntu>.
[    5.114280] systemd[1]: Initializing machine ID from random generator.
[    5.115219] systemd[1]: Installed transient /etc/machine-id file.
[    5.339926] systemd[1]: Created slice User and Session Slice.
[[0;32m  OK  [0m] Created slice User and Session Slice.
[    5.342099] systemd[1]: Created slice System Slice.
[[0;32m  OK  [0m] Created slice System Slice.
[    5.343427] systemd[1]: Listening on Journal Socket.
[[0;32m  OK  [0m] Listening on Journal Socket.
[    5.345071] systemd[1]: Listening on udev Kernel Socket.
[[0;32m  OK  [0m] Listening on udev Kernel Socket.
[[0;32m  OK  [0m] Created slice system-serial\x2dgetty.slice.
         Starting Create list of required stâ€¦ce nodes for the current kernel...
[[0;32m  OK  [0m] Listening on udev Control Socket.
         Starting Load Kernel Modules...
         Mounting Huge Pages File System...
[[0;32m  OK  [0m] Listening on LVM2 metadata daemon socket.
         Starting udev Coldplug all Devices...
[[0;32m  OK  [0m] Listening on Network Service Netlink Socket.
[[0;32m  OK  [0m] Listening on Device-mapper event daemon FIFOs.
         Starting Monitoring of LVM2 mirrorsâ€¦ng dmeventd or progress polling...
[[0;32m  OK  [0m] Listening on LVM2 poll daemon socket.
         Starting Uncomplicated firewall...
[[0;32m  OK  [0m] Listening on Syslog Socket.
[[0;32m  OK  [0m] Reached target Slices.
[[0;32m  OK  [0m] Reached target Swap.
         Starting Set the console keyboard layout...
[[0;32m  OK  [0m] Listening on Journal Audit Socket.
[[0;32m  OK  [0m] [    5.364584] Loading iSCSI transport class v2.0-870.
Started Forward Password Requests to Wall Directory Watch.
         Mounting Kernel Debug File System...
[[0;32m  OK  [0m] Listening on /dev/initctl Compatibility Named Pipe.
[[0;32m  OK  [0m] Reached target System Time Synchronized.
[[0;32m  OK  [0m] Reached target Mounting snaps.
[[0;32m  OK  [0m] Reached target Mounted snaps.
[[0;32m  OK  [0m] Listening on Journal Socket (/dev/log).[    5.371600] iscsi: registered transport (tcp)

         Starting Journal Service...
         Mounting POSIX Message Queue File System...
[[0;32m  OK  [0m] Set up automount Arbitrary Executabâ€¦rmats File System Automount Point.
[[0;32m  OK  [0m] Reached target User and Group Name Lookups.
[[0;32m  OK  [0m] Listening on fsck to fsckd communication Socket.
         Starting File System Check on Root Device...
[[0;32m  OK  [0m] Started Create list of required staâ€¦vice nodes for the current kernel.
[[0;32m  OK  [0m] Mounted Huge Pages File System.
[[0;32m  OK  [0m] Started Uncomplicated firewall.
[[0;32m  OK  [0m] Mounted Kernel Debug File System.
[[0;32m  OK  [0m] Mounted POSIX Message Queue File System.
[[0;32m  OK  [0m] Started LVM2 metadata daemon.
         Starting Create Static Device Nodes in /dev...
[[0;32m  OK  [0m] Started udev Coldplug all Devices.
[    5.458956] iscsi: registered transport (iser)
[[0;32m  OK  [0m] Started Load Kernel Modules.
         Mounting Kernel Configuration File System...
         Starting Apply Kernel Variables...
         Mounting FUSE Control File System...
[[0;32m  OK  [0m] Started Journal Service.
[[0;32m  OK  [0m] Mounted FUSE Control File System.
[[0;32m  OK  [0m] Mounted Kernel Configuration File System.
[[0;32m  OK  [0m] Started File System Check Daemon to report status.
[[0;32m  OK  [0m] Started Create Static Device Nodes in /dev.
[[0;32m  OK  [0m] Started Monitoring of LVM2 mirrors,â€¦sing dmeventd or progress polling.
[[0;32m  OK  [0m] Started Apply Kernel Variables.
[[0;32m  OK  [0m] Started File System Check on Root Device.
         Starting Remount Root and Kernel File Systems...
[[0;32m  OK  [0m] Started Remount Root and Kernel File Systems.
         Starting Flush Journal to Persistent Storage...
         Starting Load/Save Random Seed...
         Starting udev Kernel Device Manager...
[[0;32m  OK  [0m] Started Load/Save Random Seed.
[[0;32m  OK  [0m] Started Set the console keyboard layout.
[[0;32m  OK  [0m] Reached target Local File Systems (Pre).
[[0;32m  OK  [0m] Reached target Local File Systems.
         Starting ebtables ruleset management...
         Starting Commit a transient machine-id on disk...
         Starting Set console font and keymap...
         Starting AppArmor initialization...
         Starting Tell Plymouth To Write Out Runtime Data...
[[0;32m  OK  [0m] Started udev Kernel Device Manager.
[[0;32m  OK  [0m] Started Dispatch Password Requests to Console Directory Watch.
[[0;32m  OK  [0m] Reached target Local Encrypted Volumes.
[[0;32m  OK  [0m] Started Set console font and keymap.
[[0;32m  OK  [0m] Started Tell Plymouth To Write Out Runtime Data.
[[0;32m  OK  [0m] Started Flush Journal to Persistent Storage.
         Starting Create Volatile Files and Directories...
[[0;32m  OK  [0m] Started Commit a transient machine-id on disk.
[[0;32m  OK  [0m] Started Create Volatile Files and Directories.
         Starting Update UTMP about System Boot/Shutdown...
[[0;32m  OK  [0m] Started ebtables ruleset management.
[[0;32m  OK  [0m] Started Update UTMP about System Boot/Shutdown.
[[0;32m  OK  [0m] Found device /dev/ttyS0.
[[0;32m  OK  [0m] Listening on Load/Save RF Kill Switch Status /dev/rfkill Watch.
         Mounting Arbitrary Executable File Formats File System...
[[0;32m  OK  [0m] Mounted Arbitrary Executable File Formats File System.
[[0;32m  OK  [0m] Started AppArmor initialization.
         Starting Initial cloud-init job (pre-networking)...
         Starting Load AppArmor profiles managed internally by snapd...
[[0;32m  OK  [0m] Started Load AppArmor profiles managed internally by snapd.
[    7.378918] cloud-init[570]: Cloud-init v. 23.1.2-0ubuntu0~18.04.1 running 'init-local' at Wed, 03 May 2023 11:31:17 +0000. Up 7.10 seconds.
[[0;32m  OK  [0m] Started Initial cloud-init job (pre-networking).
[[0;32m  OK  [0m] Reached target Network (Pre).
         Starting Network Service...
[[0;32m  OK  [0m] Started Network Service.
         Starting Network Name Resolution...
         Starting Wait for Network to be Configured...
[[0;32m  OK  [0m] Started Network Name Resolution.
[[0;32m  OK  [0m] Reached target Network.
[[0;32m  OK  [0m] Reached target Host and Network Name Lookups.
[[0;32m  OK  [0m] Started Wait for Network to be Configured.
         Starting Initial cloud-init job (metadata service crawler)...
[    9.857374] cloud-init[665]: Cloud-init v. 23.1.2-0ubuntu0~18.04.1 running 'init' at Wed, 03 May 2023 11:31:20 +0000. Up 9.73 seconds.
[    9.859068] cloud-init[665]: ci-info: ++++++++++++++++++++++++++++++++++++++Net device info+++++++++++++++++++++++++++++++++++++++
[    9.860120] cloud-init[665]: ci-info: +--------+-------+----------------------------+---------------+--------+-------------------+
[    9.861314] cloud-init[665]: ci-info: | Device |   Up  |          Address           |      Mask     | Scope  |     Hw-Address    |
[    9.862484] cloud-init[665]: ci-info: +--------+-------+----------------------------+---------------+--------+-------------------+
[    9.863798] cloud-init[665]: ci-info: | enp0s3 |  True |         10.0.2.15          | 255.255.255.0 | global | 02:3e:6f:b6:28:d7 |
[    9.865035] cloud-init[665]: ci-info: | enp0s3 |  True | fe80::3e:6fff:feb6:28d7/64 |       .       |  link  | 02:3e:6f:b6:28:d7 |
[    9.866208] cloud-init[665]: ci-info: | enp0s8 | False |             .              |       .       |   .    | 08:00:27:6e:e5:fb |
[    9.867407] cloud-init[665]: ci-info: |   lo   |  True |         127.0.0.1          |   255.0.0.0   |  host  |         .         |
[    9.868592] cloud-init[665]: ci-info: |   lo   |  True |          ::1/128           |       .       |  host  |         .         |
[    9.869661] cloud-init[665]: ci-info: +--------+-------+----------------------------+---------------+--------+-------------------+
[    9.870707] cloud-init[665]: ci-info: ++++++++++++++++++++++++++++Route IPv4 info+++++++++++++++++++++++++++++
[    9.871774] cloud-init[665]: ci-info: +-------+-------------+----------+-----------------+-----------+-------+
[    9.872879] cloud-init[665]: ci-info: | Route | Destination | Gateway  |     Genmask     | Interface | Flags |
[    9.873925] cloud-init[665]: ci-info: +-------+-------------+----------+-----------------+-----------+-------+
[    9.874890] cloud-init[665]: ci-info: |   0   |   0.0.0.0   | 10.0.2.2 |     0.0.0.0     |   enp0s3  |   UG  |
[    9.875939] cloud-init[665]: ci-info: |   1   |   10.0.2.0  | 0.0.0.0  |  255.255.255.0  |   enp0s3  |   U   |
[    9.876989] cloud-init[665]: ci-info: |   2   |   10.0.2.2  | 0.0.0.0  | 255.255.255.255 |   enp0s3  |   UH  |
[    9.879365] cloud-init[665]: ci-info: +-------+-------------+----------+-----------------+-----------+-------+
[    9.880813] cloud-init[665]: ci-info: +++++++++++++++++++Route IPv6 info+++++++++++++++++++
[    9.882003] cloud-init[665]: ci-info: +-------+-------------+---------+-----------+-------+
[    9.883204] cloud-init[665]: ci-info: | Route | Destination | Gateway | Interface | Flags |
[    9.884395] cloud-init[665]: ci-info: +-------+-------------+---------+-----------+-------+
[    9.885559] cloud-init[665]: ci-info: |   1   |  fe80::/64  |    ::   |   enp0s3  |   U   |
[    9.886711] cloud-init[665]: ci-info: |   3   |    local    |    ::   |   enp0s3  |   U   |
[    9.887912] cloud-init[665]: ci-info: |   4   |   ff00::/8  |    ::   |   enp0s3  |   U   |
[    9.889107] cloud-init[665]: ci-info: +-------+-------------+---------+-----------+-------+
[   10.586666] cloud-init[665]: Generating public/private rsa key pair.
[   10.587277] cloud-init[665]: Your identification has been saved in /etc/ssh/ssh_host_rsa_key.
[   10.588384] cloud-init[665]: Your public key has been saved in /etc/ssh/ssh_host_rsa_key.pub.
[   10.589332] cloud-init[665]: The key fingerprint is:
[   10.589951] cloud-init[665]: SHA256:OjQhfdR7KIblq/5Tk42r6loVcDOm0RsEbrUVYF+BXl4 root@ubuntu-bionic
[   10.590977] cloud-init[665]: The key's randomart image is:
[   10.591643] cloud-init[665]: +---[RSA 2048]----+
[   10.592303] cloud-init[665]: |      ++@oooo.   |
[   10.592913] cloud-init[665]: |     o X+*o.. E  |
[   10.603870] cloud-init[665]: |    . *+++.= .   |
[[0;32m  OK  [0m[   10.637563] cloud-init[665]: |     o.o=.+ o    |
[   10.637849] cloud-init[665]: |      o.So =     |
] Started Initial cloud-init job (metadata service crawler).
[   10.638278] cloud-init[665]: |     . +. = .    |
[   10.639900] cloud-init[665]: |      +. . o     |
[   10.640423] cloud-init[665]: |     .... .      |
[[   10.640909] cloud-init[665]: |    .++ooo       |
[   10.641024] cloud-init[665]: +----[SHA256]-----+
[   10.641365] cloud-init[665]: Generating public/private dsa key pair.
[   10.641699] cloud-init[665]: Your identification has been saved in /etc/ssh/ssh_host_dsa_key.
[   10.642048] cloud-init[665]: Your public key has been saved in /etc/ssh/ssh_host_dsa_key.pub.
[   10.642389] cloud-init[665]: The key fingerprint is:
[   10.642738] cloud-init[665]: SHA256:NRPLNWkPpeeIpswtqvEfHM2HhxiY6sPRgE3J9bXJxS0 root@ubuntu-bionic
[   10.643100] cloud-init[665]: The key's randomart image is:
[   10.643434] cloud-init[665]: +---[DSA 1024]----+
[   10.643787] cloud-init[665]: |   ..o.   o.++.  |
[   10.644297] cloud-init[665]: |   +o  + + BEo.  |
[   10.644633] cloud-init[665]: |  . o o o X..+.  |
[   10.644985] cloud-init[665]: |     +   * * +.  |
[0;32m  OK  [0m] Reached target System Initialization.
[   10.645307] cloud-init[665]: |    o . S B + .  |
[   10.648311] cloud-init[665]: |   o . + = o     |
[   10.648383] cloud-init[665]: |    =   B .      |
[   10.648661] cloud-init[665]: |     + . o       |
[   10.648992] cloud-init[665]: |    ..o..        |
[   10.649265] cloud-init[665]: +----[SHA256]-----+
[   10.649666] cloud-init[665]: Generating public/private ecdsa key pair.
[   10.650043] cloud-init[665]: Your identification has been saved in /etc/ssh/ssh_host_ecdsa_key.
[   10.650458] cloud-init[665]: Your public key has been saved in /etc/ssh/ssh_host_ecdsa_key.pub.
[   10.650743] cloud-init[665]: The key fingerprint is:
[   10.651024] cloud-init[665]: SHA256:5/OhIV0CZmqhDe0Ph1CWoHR17oCw3mwXnQ8n1g+jYwE root@ubuntu-bionic
[   10.651473] cloud-init[665]: The key's randomart image is:
[   10.651771] cloud-init[665]: +---[ECDSA 256]---+
[   10.652385] cloud-init[665]: |  o ooE..        |
[   10.652814] cloud-init[665]: | . = =.= o       |
[   10.653111] cloud-init[665]: |  o + = % =      |
[   10.653398] cloud-init[665]: | . o * @ O +     |
[   10.653837] cloud-init[665]: |  . = O S + o    |
[   10.654295] cloud-init[665]: |   . o = = o     |
[   10.654698] cloud-init[665]: |        o = .    |
[   10.654969] cloud-init[665]: |         . = .   |
[   10.655322] cloud-init[665]: |          . .    |
[   10.655589] cloud-init[665]: +----[SHA256]-----+
[   10.656047] cloud-init[665]: Generating public/private ed25519 key pair.
[   10.656300] cloud-init[665]: Your identification has been saved in /etc/ssh/ssh_host_ed25519_key.
[   10.656584] cloud-init[665]: Your public key has been saved in /etc/ssh/ssh_host_ed25519_key.pub.
[   10.656902] cloud-init[665]: The key fingerprint is:
[   10.657053] cloud-init[665]: SHA256:YG6+6dvka7cisvfT+T83w/hytON42xBnVLCqIh4KBPM root@ubuntu-bionic
[   10.657339] cloud-init[665]: The key's randomart image is:
[   10.657633] cloud-init[665]: +--[ED25519 256]--+
[   10.657923] cloud-init[665]: |              ...|
[   10.658221] cloud-init[665]: |               ..|
[   10.658520] cloud-init[665]: |o     o       . .|
[   10.658671] cloud-init[665]: | +   o .     . . |
[   10.658816] cloud-init[665]: |  E   o S   . . o|
[   10.659099] cloud-init[665]: | .   o     .   = |
[   10.659401] cloud-init[665]: |  .   + o...  = .|
[   10.659694] cloud-init[665]: |   ..ooO+.+  ooXo|
[   10.660058] cloud-init[665]: |    o=*===.o.oB**|
[   10.660353] cloud-init[665]: +----[SHA256]-----+
[[0;32m  OK  [0m] Listening on Open-iSCSI iscsid Socket.
[[0;32m  OK  [0m] Listening on cloud-init hotplug hook socket.
[[0;32m  OK  [0m] Listening on UUID daemon activation socket.
         Starting LXD - unix socket.
[[0;32m  OK  [0m] Started Discard unused blocks once a week.
[[0;32m  OK  [0m] Started Ubuntu Advantage Timer for running repeated jobs.
[[0;32m  OK  [0m] Listening on D-Bus System Message Bus Socket.
[[0;32m  OK  [0m] Started Daily apt download activities.
[[0;32m  OK  [0m] Started Daily apt upgrade and clean activities.
[[0;32m  OK  [0m] Started Daily Cleanup of Temporary Directories.
[[0;32m  OK  [0m] Started ACPI Events Check.
[[0;32m  OK  [0m] Reached target Paths.
[[0;32m  OK  [0m] Started Message of the Day.
[[0;32m  OK  [0m] Listening on ACPID Listen Socket.
         Starting Socket activation for snappy daemon.
[[0;32m  OK  [0m] Reached target Timers.
[[0;32m  OK  [0m] Reached target Network is Online.
[[0;32m  OK  [0m] Reached target Remote File Systems (Pre).
[[0;32m  OK  [0m] Reached target Remote File Systems.
         Starting Availability of block devices...
[[0;32m  OK  [0m] Reached target Cloud-config availability.
[[0;32m  OK  [0m] Listening on LXD - unix socket.
[[0;32m  OK  [0m] Listening on Socket activation for snappy daemon.
[[0;32m  OK  [0m] Reached target Sockets.
[[0;32m  OK  [0m] Reached target Basic System.
[[0;32m  OK  [0m] Started irqbalance daemon.
         Starting Login Service...
[[0;32m  OK  [0m] Reached target Login Prompts (Pre).
[[0;32m  OK  [0m] Started FUSE filesystem for LXC.
         Starting System Logging Service...
         Starting Virtualbox guest utils...
         Starting LXD - container startup/shutdown...
[[0;32m  OK  [0m] Started Deferred execution scheduler.
         Starting LSB: Record successful boot for GRUB...
         Starting Accounts Service...
[[0;32m  OK  [0m] Started Regular background program processing daemon.
[[0;32m  OK  [0m] Started D-Bus System Message Bus.
         Starting Dispatcher daemon for systemd-networkd...
         Starting Pollinate to seed the pseudo random number generator...
         Starting LSB: automatic crash report generation...
         Starting Snap Daemon...
         Starting Permit User Sessions...
[[0;32m  OK  [0m] Started System Logging Service.
[[0;32m  OK  [0m] Started Availability of block devices.
[[0;32m  OK  [0m] Started LXD - container startup/shutdown.
[[0;32m  OK  [0m] Started Login Service.
[[0;32m  OK  [0m] Started Permit User Sessions.
         Starting Terminate Plymouth Boot Screen...
         Starting Hold until boot process finishes up...
         Starting Authorization Manager...
[[0;32m  OK  [0m] Started Unattended Upgrades Shutdown.
[[0;32m  OK  [0m] Started Terminate Plymouth Boot Screen.
[[0;32m  OK  [0m] Started Hold until boot process finishes up.
[[0;32m  OK  [0m] Started Serial Getty on ttyS0.
         Starting Set console scheme...
[[0;32m  OK  [0m] Started LSB: automatic crash report generation.
[[0;32m  OK  [0m] Started Authorization Manager.
[[0;32m  OK  [0m] Started Accounts Service.
[[0;32m  OK  [0m] Started Set console scheme.
[[0;32m  OK  [0m] Created slice system-getty.slice.
[[0;32m  OK  [0m] Started Getty on tty1.
[[0;32m  OK  [0m] Reached target Login Prompts.
[[0;32m  OK  [0m] Started LSB: Record successful boot for GRUB.
[[0;32m  OK  [0m] Started Virtualbox guest utils.
[[0;32m  OK  [0m] Started Dispatcher daemon for systemd-networkd.
[[0;32m  OK  [0m] Started Snap Daemon.
         Starting Wait until snapd is fully seeded...
         Starting Time & Date Service...
[[0;32m  OK  [0m] Started Time & Date Service.
[[0;32m  OK  [0m] Started Pollinate to seed the pseudo random number generator.
         Starting OpenBSD Secure Shell server...
[[0;32m  OK  [0m] Started OpenBSD Secure Shell server.
[[0;32m  OK  [0m] Created slice User Slice of vagrant.
         Starting User Manager for UID 1000...
[[0;32m  OK  [0m] Started Session 1 of user vagrant.
[[0;32m  OK  [0m] Started User Manager for UID 1000.
[[0;32m  OK  [0m] Started Wait until snapd is fully seeded.
         Starting Apply the settings specified in cloud-config...
[   15.895484] cloud-init[1321]: Cloud-init v. 23.1.2-0ubuntu0~18.04.1 running 'modules:config' at Wed, 03 May 2023 11:31:26 +0000. Up 15.52 seconds.
[[0;32m  OK  [0m] Started Apply the settings specified in cloud-config.
[[0;32m  OK  [0m] Reached target Multi-User System.
[[0;32m  OK  [0m] Reached target Graphical Interface.
         Starting Update UTMP about System Runlevel Changes...
         Starting Execute cloud user/final scripts...
[[0;32m  OK  [0m] Started Update UTMP about System Runlevel Changes.
ci-info: no authorized SSH keys fingerprints found for user ubuntu.
<14>May  3 11:31:27 cloud-init: #############################################################
<14>May  3 11:31:27 cloud-init: -----BEGIN SSH HOST KEY FINGERPRINTS-----
<14>May  3 11:31:27 cloud-init: 1024 SHA256:NRPLNWkPpeeIpswtqvEfHM2HhxiY6sPRgE3J9bXJxS0 root@ubuntu-bionic (DSA)
<14>May  3 11:31:27 cloud-init: 256 SHA256:5/OhIV0CZmqhDe0Ph1CWoHR17oCw3mwXnQ8n1g+jYwE root@ubuntu-bionic (ECDSA)
<14>May  3 11:31:27 cloud-init: 256 SHA256:YG6+6dvka7cisvfT+T83w/hytON42xBnVLCqIh4KBPM root@ubuntu-bionic (ED25519)
<14>May  3 11:31:27 cloud-init: 2048 SHA256:OjQhfdR7KIblq/5Tk42r6loVcDOm0RsEbrUVYF+BXl4 root@ubuntu-bionic (RSA)
<14>May  3 11:31:27 cloud-init: -----END SSH HOST KEY FINGERPRINTS-----
<14>May  3 11:31:27 cloud-init: #############################################################
-----BEGIN SSH HOST KEY KEYS-----
ecdsa-sha2-nistp256 AAAAE2VjZHNhLXNoYTItbmlzdHAyNTYAAAAIbmlzdHAyNTYAAABBBJB5H1ACEizG/SQwiGGHfw2VyAlVtXrogt8aCfDpG6oqX4+MkRBIvWdFgMJWWXoWMPAAo/DLMdZeIVtINWPNw+Q= root@ubuntu-bionic
ssh-ed25519 AAAAC3NzaC1lZDI1NTE5AAAAIO6R+mC5ZWlXFZt/4mYZh6ICKoP8N9UPLqkn/12ZMF9m root@ubuntu-bionic
ssh-rsa AAAAB3NzaC1yc2EAAAADAQABAAABAQC1NSKgL1SaWclRivykwgWUR9vm0lmcfzDN9nVnZZ+MhNAaeDVZdn628zq2gEKS42HDCz5hLABEiuNL7UcWISrSSX5SBEe8+P9o17ZAqGp6WBvXjA3rJToAVxN5vhO3o0cjqQglpo/hyhPjTKUR4KQ/zu1pupPeoGKyO7DBwG5jGk1RhPaLI44tnd3GTJ6014nHGarYGEu1R/+1ZdpDLPiT9iTVVg3QISIaeumb4xTiziPdo6YOcxwOYVsl8LjRADvMg4REnjbPhRbtk3wPobJ+pRZSehacDDcqNE4B34H0EWwhM3/P3PBI4iS7MiGz6XeFf8mYpDIemXsEHbzoke6l root@ubuntu-bionic
-----END SSH HOST KEY KEYS-----
[   16.521970] cloud-init[1420]: Cloud-init v. 23.1.2-0ubuntu0~18.04.1 running 'modules:final' at Wed, 03 May 2023 11:31:27 +0000. Up 16.35 seconds.
[   16.523256] cloud-init[1420]: Cloud-init v. 23.1.2-0ubuntu0~18.04.1 finished at Wed, 03 May 2023 11:31:27 +0000. Datasource DataSourceNoCloud [seed=/dev/sdb][dsmode=net].  Up 16.50 seconds

Ubuntu 18.04.6 LTS ubuntu-bionic ttyS0

ubuntu-bionic login: [ 2848.322865] e1000 0000:00:08.0 enp0s8: Reset adapter
